// Jest Snapshot v1, https://goo.gl/fbAQLP

exports[`molecules::LeftCenterRight renders without exploding 1`] = `
<RNCSafeAreaProvider
  onInsetsChange={[Function]}
  style={
    Array [
      Object {
        "flex": 1,
      },
      undefined,
    ]
  }
>
  <View
    dataSet={Object {}}
    style={
      Object {
        "alignItems": "center",
        "flexDirection": "row",
        "width": "100%",
      }
    }
  >
    <View
      dataSet={Object {}}
      style={
        Object {
          "flex": 2,
        }
      }
    >
      <Text
        dataSet={Object {}}
        style={
          Object {
            "backgroundColor": undefined,
            "color": "#171717",
            "fontFamily": "AlegreyaSansSC_400Regular",
            "fontSize": 14,
            "fontStyle": undefined,
            "fontWeight": undefined,
            "letterSpacing": 0,
            "lineHeight": 21,
            "textDecorationLine": undefined,
          }
        }
      >
        LeftComponent
      </Text>
    </View>
    <View
      dataSet={Object {}}
      style={Object {}}
    />
    <View
      dataSet={Object {}}
      style={
        Object {
          "flex": 3,
        }
      }
    >
      <Text
        dataSet={Object {}}
        style={
          Object {
            "backgroundColor": undefined,
            "color": "#171717",
            "fontFamily": "AlegreyaSansSC_400Regular",
            "fontSize": 14,
            "fontStyle": undefined,
            "fontWeight": undefined,
            "letterSpacing": 0,
            "lineHeight": 21,
            "textDecorationLine": undefined,
          }
        }
      >
        CenterComponent
      </Text>
    </View>
    <View
      dataSet={Object {}}
      style={Object {}}
    />
    <View
      dataSet={Object {}}
      style={
        Object {
          "alignItems": "flex-end",
          "flex": 2,
        }
      }
    >
      <Text
        dataSet={Object {}}
        style={
          Object {
            "backgroundColor": undefined,
            "color": "#171717",
            "fontFamily": "AlegreyaSansSC_400Regular",
            "fontSize": 14,
            "fontStyle": undefined,
            "fontWeight": undefined,
            "letterSpacing": 0,
            "lineHeight": 21,
            "textDecorationLine": undefined,
          }
        }
      >
        RightComponent
      </Text>
    </View>
  </View>
</RNCSafeAreaProvider>
`;
